[     329ms] [ERROR] Warning: Extra attributes from the server: %s%s class 
    at html
    at RootLayout (Server)
    at RedirectErrorBoundary (webpack-internal:///(app-pages-browser)/./node_modules/next/dist/client/components/redirect-boundary.js:74:9)
    at RedirectBoundary (webpack-internal:///(app-pages-browser)/./node_modules/next/dist/client/components/redirect-boundary.js:82:11)
    at NotFoundErrorBoundary (webpack-internal:///(app-pages-browser)/./node_modules/next/dist/client/components/not-found-boundary.js:76:9)
    at NotFoundBoundary (webpack-internal:///(app-pages-browser)/./node_modules/next/dist/client/components/not-found-boundary.js:84:11)
    at DevRootNotFoundBoundary (webpack-internal:///(app-pages-browser)/./node_modules/next/dist/client/components/dev-root-not-found-boundary.js:33:11)
    at ReactDevOverlay (webpack-internal:///(app-pages-browser)/./node_modules/next/dist/client/components/react-dev-overlay/app/ReactDevOverlay.js:87:9)
    at HotReload (webpack-internal:///(app-pages-browser)/./node_modules/next/dist/client/components/react-dev-overlay/app/hot-reloader-client.js:321:11)
    at Router (webpack-internal:///(app-pages-browser)/./node_modules/next/dist/client/components/app-router.js:207:11)
    at ErrorBoundaryHandler (webpack-internal:///(app-pages-browser)/./node_modules/next/dist/client/components/error-boundary.js:113:9)
    at ErrorBoundary (webpack-internal:///(app-pages-browser)/./node_modules/next/dist/client/components/error-boundary.js:160:11)
    at AppRouter (webpack-internal:///(app-pages-browser)/./node_modules/next/dist/client/components/app-router.js:585:13)
    at ServerRoot (webpack-internal:///(app-pages-browser)/./node_modules/next/dist/client/app-index.js:112:27)
    at Root (webpack-internal:///(app-pages-browser)/./node_modules/next/dist/client/app-index.js:117:11) @ webpack-internal:///(app-pages-browser)/./node_modules/next/dist/client/app-index.js:32
[   50569ms] Error: FeedbackWidget is not defined
    at RootLayout (webpack-internal:///(rsc)/./app/layout.tsx:51:109)
    at eC (/Users/lukas/Sites Cursor/Dresy_za_free/node_modules/next/dist/compiled/next-server/app-page.runtime.dev.js:35:265189)
    at e (/Users/lukas/Sites Cursor/Dresy_za_free/node_modules/next/dist/compiled/next-server/app-page.runtime.dev.js:35:269321)
    at eL (/Users/lukas/Sites Cursor/Dresy_za_free/node_modules/next/dist/compiled/next-server/app-page.runtime.dev.js:35:269809)
    at eJ (/Users/lukas/Sites Cursor/Dresy_za_free/node_modules/next/dist/compiled/next-server/app-page.runtime.dev.js:35:275773)
    at eR (/Users/lukas/Sites Cursor/Dresy_za_free/node_modules/next/dist/compiled/next-server/app-page.runtime.dev.js:35:266017)
    at eC (/Users/lukas/Sites Cursor/Dresy_za_free/node_modules/next/dist/compiled/next-server/app-page.runtime.dev.js:35:265059)
    at e (/Users/lukas/Sites Cursor/Dresy_za_free/node_modules/next/dist/compiled/next-server/app-page.runtime.dev.js:35:269321)
    at eL (/Users/lukas/Sites Cursor/Dresy_za_free/node_modules/next/dist/compiled/next-server/app-page.runtime.dev.js:35:269809)
    at /Users/lukas/Sites Cursor/Dresy_za_free/node_modules/next/dist/compiled/next-server/app-page.runtime.dev.js:35:267040
    at Array.toJSON (/Users/lukas/Sites Cursor/Dresy_za_free/node_modules/next/dist/compiled/next-server/app-page.runtime.dev.js:35:267504)
    at stringify (<anonymous>)
    at eJ (/Users/lukas/Sites Cursor/Dresy_za_free/node_modules/next/dist/compiled/next-server/app-page.runtime.dev.js:35:275872)
    at eV (/Users/lukas/Sites Cursor/Dresy_za_free/node_modules/next/dist/compiled/next-server/app-page.runtime.dev.js:35:276390)
    at AsyncLocalStorage.run (node:internal/async_local_storage/async_context_frame:63:14)
    at Timeout._onTimeout (/Users/lukas/Sites Cursor/Dresy_za_free/node_modules/next/dist/compiled/next-server/app-page.runtime.dev.js:35:284753)
    at listOnTimeout (node:internal/timers:605:17)
    at process.processTimers (node:internal/timers:541:7)
[   50569ms] Error: FeedbackWidget is not defined
    at RootLayout (webpack-internal:///(rsc)/./app/layout.tsx:51:109)
    at eC (/Users/lukas/Sites Cursor/Dresy_za_free/node_modules/next/dist/compiled/next-server/app-page.runtime.dev.js:35:265189)
    at e (/Users/lukas/Sites Cursor/Dresy_za_free/node_modules/next/dist/compiled/next-server/app-page.runtime.dev.js:35:269321)
    at eL (/Users/lukas/Sites Cursor/Dresy_za_free/node_modules/next/dist/compiled/next-server/app-page.runtime.dev.js:35:269809)
    at eJ (/Users/lukas/Sites Cursor/Dresy_za_free/node_modules/next/dist/compiled/next-server/app-page.runtime.dev.js:35:275773)
    at eR (/Users/lukas/Sites Cursor/Dresy_za_free/node_modules/next/dist/compiled/next-server/app-page.runtime.dev.js:35:266017)
    at eC (/Users/lukas/Sites Cursor/Dresy_za_free/node_modules/next/dist/compiled/next-server/app-page.runtime.dev.js:35:265059)
    at e (/Users/lukas/Sites Cursor/Dresy_za_free/node_modules/next/dist/compiled/next-server/app-page.runtime.dev.js:35:269321)
    at eL (/Users/lukas/Sites Cursor/Dresy_za_free/node_modules/next/dist/compiled/next-server/app-page.runtime.dev.js:35:269809)
    at /Users/lukas/Sites Cursor/Dresy_za_free/node_modules/next/dist/compiled/next-server/app-page.runtime.dev.js:35:267040
    at Array.toJSON (/Users/lukas/Sites Cursor/Dresy_za_free/node_modules/next/dist/compiled/next-server/app-page.runtime.dev.js:35:267504)
    at stringify (<anonymous>)
    at eJ (/Users/lukas/Sites Cursor/Dresy_za_free/node_modules/next/dist/compiled/next-server/app-page.runtime.dev.js:35:275872)
    at eV (/Users/lukas/Sites Cursor/Dresy_za_free/node_modules/next/dist/compiled/next-server/app-page.runtime.dev.js:35:276390)
    at AsyncLocalStorage.run (node:internal/async_local_storage/async_context_frame:63:14)
    at Timeout._onTimeout (/Users/lukas/Sites Cursor/Dresy_za_free/node_modules/next/dist/compiled/next-server/app-page.runtime.dev.js:35:284753)
    at listOnTimeout (node:internal/timers:605:17)
    at process.processTimers (node:internal/timers:541:7)
[   50569ms] Error: FeedbackWidget is not defined
    at RootLayout (webpack-internal:///(rsc)/./app/layout.tsx:51:109)
    at eC (/Users/lukas/Sites Cursor/Dresy_za_free/node_modules/next/dist/compiled/next-server/app-page.runtime.dev.js:35:265189)
    at e (/Users/lukas/Sites Cursor/Dresy_za_free/node_modules/next/dist/compiled/next-server/app-page.runtime.dev.js:35:269321)
    at eL (/Users/lukas/Sites Cursor/Dresy_za_free/node_modules/next/dist/compiled/next-server/app-page.runtime.dev.js:35:269809)
    at eJ (/Users/lukas/Sites Cursor/Dresy_za_free/node_modules/next/dist/compiled/next-server/app-page.runtime.dev.js:35:275773)
    at eR (/Users/lukas/Sites Cursor/Dresy_za_free/node_modules/next/dist/compiled/next-server/app-page.runtime.dev.js:35:266017)
    at eC (/Users/lukas/Sites Cursor/Dresy_za_free/node_modules/next/dist/compiled/next-server/app-page.runtime.dev.js:35:265059)
    at e (/Users/lukas/Sites Cursor/Dresy_za_free/node_modules/next/dist/compiled/next-server/app-page.runtime.dev.js:35:269321)
    at eL (/Users/lukas/Sites Cursor/Dresy_za_free/node_modules/next/dist/compiled/next-server/app-page.runtime.dev.js:35:269809)
    at /Users/lukas/Sites Cursor/Dresy_za_free/node_modules/next/dist/compiled/next-server/app-page.runtime.dev.js:35:267040
    at Array.toJSON (/Users/lukas/Sites Cursor/Dresy_za_free/node_modules/next/dist/compiled/next-server/app-page.runtime.dev.js:35:267504)
    at stringify (<anonymous>)
    at eJ (/Users/lukas/Sites Cursor/Dresy_za_free/node_modules/next/dist/compiled/next-server/app-page.runtime.dev.js:35:275872)
    at eV (/Users/lukas/Sites Cursor/Dresy_za_free/node_modules/next/dist/compiled/next-server/app-page.runtime.dev.js:35:276390)
    at AsyncLocalStorage.run (node:internal/async_local_storage/async_context_frame:63:14)
    at Timeout._onTimeout (/Users/lukas/Sites Cursor/Dresy_za_free/node_modules/next/dist/compiled/next-server/app-page.runtime.dev.js:35:284753)
    at listOnTimeout (node:internal/timers:605:17)
    at process.processTimers (node:internal/timers:541:7)
[   50570ms] Error: FeedbackWidget is not defined
    at RootLayout (webpack-internal:///(rsc)/./app/layout.tsx:51:109)
    at eC (/Users/lukas/Sites Cursor/Dresy_za_free/node_modules/next/dist/compiled/next-server/app-page.runtime.dev.js:35:265189)
    at e (/Users/lukas/Sites Cursor/Dresy_za_free/node_modules/next/dist/compiled/next-server/app-page.runtime.dev.js:35:269321)
    at eL (/Users/lukas/Sites Cursor/Dresy_za_free/node_modules/next/dist/compiled/next-server/app-page.runtime.dev.js:35:269809)
    at eJ (/Users/lukas/Sites Cursor/Dresy_za_free/node_modules/next/dist/compiled/next-server/app-page.runtime.dev.js:35:275773)
    at eR (/Users/lukas/Sites Cursor/Dresy_za_free/node_modules/next/dist/compiled/next-server/app-page.runtime.dev.js:35:266017)
    at eC (/Users/lukas/Sites Cursor/Dresy_za_free/node_modules/next/dist/compiled/next-server/app-page.runtime.dev.js:35:265059)
    at e (/Users/lukas/Sites Cursor/Dresy_za_free/node_modules/next/dist/compiled/next-server/app-page.runtime.dev.js:35:269321)
    at eL (/Users/lukas/Sites Cursor/Dresy_za_free/node_modules/next/dist/compiled/next-server/app-page.runtime.dev.js:35:269809)
    at /Users/lukas/Sites Cursor/Dresy_za_free/node_modules/next/dist/compiled/next-server/app-page.runtime.dev.js:35:267040
    at Array.toJSON (/Users/lukas/Sites Cursor/Dresy_za_free/node_modules/next/dist/compiled/next-server/app-page.runtime.dev.js:35:267504)
    at stringify (<anonymous>)
    at eJ (/Users/lukas/Sites Cursor/Dresy_za_free/node_modules/next/dist/compiled/next-server/app-page.runtime.dev.js:35:275872)
    at eV (/Users/lukas/Sites Cursor/Dresy_za_free/node_modules/next/dist/compiled/next-server/app-page.runtime.dev.js:35:276390)
    at AsyncLocalStorage.run (node:internal/async_local_storage/async_context_frame:63:14)
    at Timeout._onTimeout (/Users/lukas/Sites Cursor/Dresy_za_free/node_modules/next/dist/compiled/next-server/app-page.runtime.dev.js:35:284753)
    at listOnTimeout (node:internal/timers:605:17)
    at process.processTimers (node:internal/timers:541:7)
[   50571ms] Error: FeedbackWidget is not defined
    at RootLayout (webpack-internal:///(rsc)/./app/layout.tsx:51:109)
    at eC (/Users/lukas/Sites Cursor/Dresy_za_free/node_modules/next/dist/compiled/next-server/app-page.runtime.dev.js:35:265189)
    at e (/Users/lukas/Sites Cursor/Dresy_za_free/node_modules/next/dist/compiled/next-server/app-page.runtime.dev.js:35:269321)
    at eL (/Users/lukas/Sites Cursor/Dresy_za_free/node_modules/next/dist/compiled/next-server/app-page.runtime.dev.js:35:269809)
    at eJ (/Users/lukas/Sites Cursor/Dresy_za_free/node_modules/next/dist/compiled/next-server/app-page.runtime.dev.js:35:275773)
    at eR (/Users/lukas/Sites Cursor/Dresy_za_free/node_modules/next/dist/compiled/next-server/app-page.runtime.dev.js:35:266017)
    at eC (/Users/lukas/Sites Cursor/Dresy_za_free/node_modules/next/dist/compiled/next-server/app-page.runtime.dev.js:35:265059)
    at e (/Users/lukas/Sites Cursor/Dresy_za_free/node_modules/next/dist/compiled/next-server/app-page.runtime.dev.js:35:269321)
    at eL (/Users/lukas/Sites Cursor/Dresy_za_free/node_modules/next/dist/compiled/next-server/app-page.runtime.dev.js:35:269809)
    at /Users/lukas/Sites Cursor/Dresy_za_free/node_modules/next/dist/compiled/next-server/app-page.runtime.dev.js:35:267040
    at Array.toJSON (/Users/lukas/Sites Cursor/Dresy_za_free/node_modules/next/dist/compiled/next-server/app-page.runtime.dev.js:35:267504)
    at stringify (<anonymous>)
    at eJ (/Users/lukas/Sites Cursor/Dresy_za_free/node_modules/next/dist/compiled/next-server/app-page.runtime.dev.js:35:275872)
    at eV (/Users/lukas/Sites Cursor/Dresy_za_free/node_modules/next/dist/compiled/next-server/app-page.runtime.dev.js:35:276390)
    at AsyncLocalStorage.run (node:internal/async_local_storage/async_context_frame:63:14)
    at Timeout._onTimeout (/Users/lukas/Sites Cursor/Dresy_za_free/node_modules/next/dist/compiled/next-server/app-page.runtime.dev.js:35:284753)
    at listOnTimeout (node:internal/timers:605:17)
    at process.processTimers (node:internal/timers:541:7)
[   50571ms] Error: FeedbackWidget is not defined
    at RootLayout (webpack-internal:///(rsc)/./app/layout.tsx:51:109)
    at eC (/Users/lukas/Sites Cursor/Dresy_za_free/node_modules/next/dist/compiled/next-server/app-page.runtime.dev.js:35:265189)
    at e (/Users/lukas/Sites Cursor/Dresy_za_free/node_modules/next/dist/compiled/next-server/app-page.runtime.dev.js:35:269321)
    at eL (/Users/lukas/Sites Cursor/Dresy_za_free/node_modules/next/dist/compiled/next-server/app-page.runtime.dev.js:35:269809)
    at eJ (/Users/lukas/Sites Cursor/Dresy_za_free/node_modules/next/dist/compiled/next-server/app-page.runtime.dev.js:35:275773)
    at eR (/Users/lukas/Sites Cursor/Dresy_za_free/node_modules/next/dist/compiled/next-server/app-page.runtime.dev.js:35:266017)
    at eC (/Users/lukas/Sites Cursor/Dresy_za_free/node_modules/next/dist/compiled/next-server/app-page.runtime.dev.js:35:265059)
    at e (/Users/lukas/Sites Cursor/Dresy_za_free/node_modules/next/dist/compiled/next-server/app-page.runtime.dev.js:35:269321)
    at eL (/Users/lukas/Sites Cursor/Dresy_za_free/node_modules/next/dist/compiled/next-server/app-page.runtime.dev.js:35:269809)
    at /Users/lukas/Sites Cursor/Dresy_za_free/node_modules/next/dist/compiled/next-server/app-page.runtime.dev.js:35:267040
    at Array.toJSON (/Users/lukas/Sites Cursor/Dresy_za_free/node_modules/next/dist/compiled/next-server/app-page.runtime.dev.js:35:267504)
    at stringify (<anonymous>)
    at eJ (/Users/lukas/Sites Cursor/Dresy_za_free/node_modules/next/dist/compiled/next-server/app-page.runtime.dev.js:35:275872)
    at eV (/Users/lukas/Sites Cursor/Dresy_za_free/node_modules/next/dist/compiled/next-server/app-page.runtime.dev.js:35:276390)
    at AsyncLocalStorage.run (node:internal/async_local_storage/async_context_frame:63:14)
    at Timeout._onTimeout (/Users/lukas/Sites Cursor/Dresy_za_free/node_modules/next/dist/compiled/next-server/app-page.runtime.dev.js:35:284753)
    at listOnTimeout (node:internal/timers:605:17)
    at process.processTimers (node:internal/timers:541:7)
[   50574ms] [ERROR] The above error occurred in the <NotFoundErrorBoundary> component:

    at RedirectErrorBoundary (webpack-internal:///(app-pages-browser)/./node_modules/next/dist/client/components/redirect-boundary.js:74:9)
    at RedirectBoundary (webpack-internal:///(app-pages-browser)/./node_modules/next/dist/client/components/redirect-boundary.js:82:11)
    at NotFoundErrorBoundary (webpack-internal:///(app-pages-browser)/./node_modules/next/dist/client/components/not-found-boundary.js:76:9)
    at NotFoundBoundary (webpack-internal:///(app-pages-browser)/./node_modules/next/dist/client/components/not-found-boundary.js:84:11)
    at DevRootNotFoundBoundary (webpack-internal:///(app-pages-browser)/./node_modules/next/dist/client/components/dev-root-not-found-boundary.js:33:11)
    at ReactDevOverlay (webpack-internal:///(app-pages-browser)/./node_modules/next/dist/client/components/react-dev-overlay/app/ReactDevOverlay.js:87:9)
    at HotReload (webpack-internal:///(app-pages-browser)/./node_modules/next/dist/client/components/react-dev-overlay/app/hot-reloader-client.js:321:11)
    at Router (webpack-internal:///(app-pages-browser)/./node_modules/next/dist/client/components/app-router.js:207:11)
    at ErrorBoundaryHandler (webpack-internal:///(app-pages-browser)/./node_modules/next/dist/client/components/error-boundary.js:113:9)
    at ErrorBoundary (webpack-internal:///(app-pages-browser)/./node_modules/next/dist/client/components/error-boundary.js:160:11)
    at AppRouter (webpack-internal:///(app-pages-browser)/./node_modules/next/dist/client/components/app-router.js:585:13)
    at ServerRoot (webpack-internal:///(app-pages-browser)/./node_modules/next/dist/client/app-index.js:112:27)
    at Root (webpack-internal:///(app-pages-browser)/./node_modules/next/dist/client/app-index.js:117:11)

React will try to recreate this component tree from scratch using the error boundary you provided, ReactDevOverlay. @ webpack-internal:///(app-pages-browser)/./node_modules/next/dist/client/app-index.js:32
[   51413ms] [WARNING] [Fast Refresh] performing full reload because your application had an unrecoverable error @ webpack-internal:///(app-pages-browser)/./node_modules/next/dist/client/components/react-dev-overlay/app/hot-reloader-client.js:114
[   51471ms] [ERROR] Failed to load resource: the server responded with a status of 500 (Internal Server Error) @ http://localhost:3000/login/team:0
[   51817ms] Error: FeedbackWidget is not defined
    at RootLayout (webpack-internal:///(rsc)/./app/layout.tsx:51:109)
    at eC (/Users/lukas/Sites Cursor/Dresy_za_free/node_modules/next/dist/compiled/next-server/app-page.runtime.dev.js:35:265189)
    at e (/Users/lukas/Sites Cursor/Dresy_za_free/node_modules/next/dist/compiled/next-server/app-page.runtime.dev.js:35:269321)
    at eL (/Users/lukas/Sites Cursor/Dresy_za_free/node_modules/next/dist/compiled/next-server/app-page.runtime.dev.js:35:269809)
    at eJ (/Users/lukas/Sites Cursor/Dresy_za_free/node_modules/next/dist/compiled/next-server/app-page.runtime.dev.js:35:275773)
    at eR (/Users/lukas/Sites Cursor/Dresy_za_free/node_modules/next/dist/compiled/next-server/app-page.runtime.dev.js:35:266017)
    at eC (/Users/lukas/Sites Cursor/Dresy_za_free/node_modules/next/dist/compiled/next-server/app-page.runtime.dev.js:35:265059)
    at e (/Users/lukas/Sites Cursor/Dresy_za_free/node_modules/next/dist/compiled/next-server/app-page.runtime.dev.js:35:269321)
    at eL (/Users/lukas/Sites Cursor/Dresy_za_free/node_modules/next/dist/compiled/next-server/app-page.runtime.dev.js:35:269809)
    at /Users/lukas/Sites Cursor/Dresy_za_free/node_modules/next/dist/compiled/next-server/app-page.runtime.dev.js:35:267040
    at Array.toJSON (/Users/lukas/Sites Cursor/Dresy_za_free/node_modules/next/dist/compiled/next-server/app-page.runtime.dev.js:35:267504)
    at stringify (<anonymous>)
    at eJ (/Users/lukas/Sites Cursor/Dresy_za_free/node_modules/next/dist/compiled/next-server/app-page.runtime.dev.js:35:275872)
    at eV (/Users/lukas/Sites Cursor/Dresy_za_free/node_modules/next/dist/compiled/next-server/app-page.runtime.dev.js:35:276390)
    at Timeout._onTimeout (/Users/lukas/Sites Cursor/Dresy_za_free/node_modules/next/dist/compiled/next-server/app-page.runtime.dev.js:35:266177)
    at listOnTimeout (node:internal/timers:605:17)
    at process.processTimers (node:internal/timers:541:7)
[   51819ms] Error: FeedbackWidget is not defined
    at RootLayout (webpack-internal:///(rsc)/./app/layout.tsx:51:109)
    at eC (/Users/lukas/Sites Cursor/Dresy_za_free/node_modules/next/dist/compiled/next-server/app-page.runtime.dev.js:35:265189)
    at e (/Users/lukas/Sites Cursor/Dresy_za_free/node_modules/next/dist/compiled/next-server/app-page.runtime.dev.js:35:269321)
    at eL (/Users/lukas/Sites Cursor/Dresy_za_free/node_modules/next/dist/compiled/next-server/app-page.runtime.dev.js:35:269809)
    at eJ (/Users/lukas/Sites Cursor/Dresy_za_free/node_modules/next/dist/compiled/next-server/app-page.runtime.dev.js:35:275773)
    at eR (/Users/lukas/Sites Cursor/Dresy_za_free/node_modules/next/dist/compiled/next-server/app-page.runtime.dev.js:35:266017)
    at eC (/Users/lukas/Sites Cursor/Dresy_za_free/node_modules/next/dist/compiled/next-server/app-page.runtime.dev.js:35:265059)
    at e (/Users/lukas/Sites Cursor/Dresy_za_free/node_modules/next/dist/compiled/next-server/app-page.runtime.dev.js:35:269321)
    at eL (/Users/lukas/Sites Cursor/Dresy_za_free/node_modules/next/dist/compiled/next-server/app-page.runtime.dev.js:35:269809)
    at /Users/lukas/Sites Cursor/Dresy_za_free/node_modules/next/dist/compiled/next-server/app-page.runtime.dev.js:35:267040
    at Array.toJSON (/Users/lukas/Sites Cursor/Dresy_za_free/node_modules/next/dist/compiled/next-server/app-page.runtime.dev.js:35:267504)
    at stringify (<anonymous>)
    at eJ (/Users/lukas/Sites Cursor/Dresy_za_free/node_modules/next/dist/compiled/next-server/app-page.runtime.dev.js:35:275872)
    at eV (/Users/lukas/Sites Cursor/Dresy_za_free/node_modules/next/dist/compiled/next-server/app-page.runtime.dev.js:35:276390)
    at Timeout._onTimeout (/Users/lukas/Sites Cursor/Dresy_za_free/node_modules/next/dist/compiled/next-server/app-page.runtime.dev.js:35:266177)
    at listOnTimeout (node:internal/timers:605:17)
    at process.processTimers (node:internal/timers:541:7)
[   51819ms] Error: FeedbackWidget is not defined
    at RootLayout (webpack-internal:///(rsc)/./app/layout.tsx:51:109)
    at eC (/Users/lukas/Sites Cursor/Dresy_za_free/node_modules/next/dist/compiled/next-server/app-page.runtime.dev.js:35:265189)
    at e (/Users/lukas/Sites Cursor/Dresy_za_free/node_modules/next/dist/compiled/next-server/app-page.runtime.dev.js:35:269321)
    at eL (/Users/lukas/Sites Cursor/Dresy_za_free/node_modules/next/dist/compiled/next-server/app-page.runtime.dev.js:35:269809)
    at eJ (/Users/lukas/Sites Cursor/Dresy_za_free/node_modules/next/dist/compiled/next-server/app-page.runtime.dev.js:35:275773)
    at eR (/Users/lukas/Sites Cursor/Dresy_za_free/node_modules/next/dist/compiled/next-server/app-page.runtime.dev.js:35:266017)
    at eC (/Users/lukas/Sites Cursor/Dresy_za_free/node_modules/next/dist/compiled/next-server/app-page.runtime.dev.js:35:265059)
    at e (/Users/lukas/Sites Cursor/Dresy_za_free/node_modules/next/dist/compiled/next-server/app-page.runtime.dev.js:35:269321)
    at eL (/Users/lukas/Sites Cursor/Dresy_za_free/node_modules/next/dist/compiled/next-server/app-page.runtime.dev.js:35:269809)
    at /Users/lukas/Sites Cursor/Dresy_za_free/node_modules/next/dist/compiled/next-server/app-page.runtime.dev.js:35:267040
    at Array.toJSON (/Users/lukas/Sites Cursor/Dresy_za_free/node_modules/next/dist/compiled/next-server/app-page.runtime.dev.js:35:267504)
    at stringify (<anonymous>)
    at eJ (/Users/lukas/Sites Cursor/Dresy_za_free/node_modules/next/dist/compiled/next-server/app-page.runtime.dev.js:35:275872)
    at eV (/Users/lukas/Sites Cursor/Dresy_za_free/node_modules/next/dist/compiled/next-server/app-page.runtime.dev.js:35:276390)
    at Timeout._onTimeout (/Users/lukas/Sites Cursor/Dresy_za_free/node_modules/next/dist/compiled/next-server/app-page.runtime.dev.js:35:266177)
    at listOnTimeout (node:internal/timers:605:17)
    at process.processTimers (node:internal/timers:541:7)
[   51822ms] Error: FeedbackWidget is not defined
    at RootLayout (webpack-internal:///(rsc)/./app/layout.tsx:51:109)
    at eC (/Users/lukas/Sites Cursor/Dresy_za_free/node_modules/next/dist/compiled/next-server/app-page.runtime.dev.js:35:265189)
    at e (/Users/lukas/Sites Cursor/Dresy_za_free/node_modules/next/dist/compiled/next-server/app-page.runtime.dev.js:35:269321)
    at eL (/Users/lukas/Sites Cursor/Dresy_za_free/node_modules/next/dist/compiled/next-server/app-page.runtime.dev.js:35:269809)
    at eJ (/Users/lukas/Sites Cursor/Dresy_za_free/node_modules/next/dist/compiled/next-server/app-page.runtime.dev.js:35:275773)
    at eR (/Users/lukas/Sites Cursor/Dresy_za_free/node_modules/next/dist/compiled/next-server/app-page.runtime.dev.js:35:266017)
    at eC (/Users/lukas/Sites Cursor/Dresy_za_free/node_modules/next/dist/compiled/next-server/app-page.runtime.dev.js:35:265059)
    at e (/Users/lukas/Sites Cursor/Dresy_za_free/node_modules/next/dist/compiled/next-server/app-page.runtime.dev.js:35:269321)
    at eL (/Users/lukas/Sites Cursor/Dresy_za_free/node_modules/next/dist/compiled/next-server/app-page.runtime.dev.js:35:269809)
    at /Users/lukas/Sites Cursor/Dresy_za_free/node_modules/next/dist/compiled/next-server/app-page.runtime.dev.js:35:267040
    at Array.toJSON (/Users/lukas/Sites Cursor/Dresy_za_free/node_modules/next/dist/compiled/next-server/app-page.runtime.dev.js:35:267504)
    at stringify (<anonymous>)
    at eJ (/Users/lukas/Sites Cursor/Dresy_za_free/node_modules/next/dist/compiled/next-server/app-page.runtime.dev.js:35:275872)
    at eV (/Users/lukas/Sites Cursor/Dresy_za_free/node_modules/next/dist/compiled/next-server/app-page.runtime.dev.js:35:276390)
    at Timeout._onTimeout (/Users/lukas/Sites Cursor/Dresy_za_free/node_modules/next/dist/compiled/next-server/app-page.runtime.dev.js:35:266177)
    at listOnTimeout (node:internal/timers:605:17)
    at process.processTimers (node:internal/timers:541:7)
[   51822ms] Error: FeedbackWidget is not defined
    at RootLayout (webpack-internal:///(rsc)/./app/layout.tsx:51:109)
    at eC (/Users/lukas/Sites Cursor/Dresy_za_free/node_modules/next/dist/compiled/next-server/app-page.runtime.dev.js:35:265189)
    at e (/Users/lukas/Sites Cursor/Dresy_za_free/node_modules/next/dist/compiled/next-server/app-page.runtime.dev.js:35:269321)
    at eL (/Users/lukas/Sites Cursor/Dresy_za_free/node_modules/next/dist/compiled/next-server/app-page.runtime.dev.js:35:269809)
    at eJ (/Users/lukas/Sites Cursor/Dresy_za_free/node_modules/next/dist/compiled/next-server/app-page.runtime.dev.js:35:275773)
    at eR (/Users/lukas/Sites Cursor/Dresy_za_free/node_modules/next/dist/compiled/next-server/app-page.runtime.dev.js:35:266017)
    at eC (/Users/lukas/Sites Cursor/Dresy_za_free/node_modules/next/dist/compiled/next-server/app-page.runtime.dev.js:35:265059)
    at e (/Users/lukas/Sites Cursor/Dresy_za_free/node_modules/next/dist/compiled/next-server/app-page.runtime.dev.js:35:269321)
    at eL (/Users/lukas/Sites Cursor/Dresy_za_free/node_modules/next/dist/compiled/next-server/app-page.runtime.dev.js:35:269809)
    at /Users/lukas/Sites Cursor/Dresy_za_free/node_modules/next/dist/compiled/next-server/app-page.runtime.dev.js:35:267040
    at Array.toJSON (/Users/lukas/Sites Cursor/Dresy_za_free/node_modules/next/dist/compiled/next-server/app-page.runtime.dev.js:35:267504)
    at stringify (<anonymous>)
    at eJ (/Users/lukas/Sites Cursor/Dresy_za_free/node_modules/next/dist/compiled/next-server/app-page.runtime.dev.js:35:275872)
    at eV (/Users/lukas/Sites Cursor/Dresy_za_free/node_modules/next/dist/compiled/next-server/app-page.runtime.dev.js:35:276390)
    at Timeout._onTimeout (/Users/lukas/Sites Cursor/Dresy_za_free/node_modules/next/dist/compiled/next-server/app-page.runtime.dev.js:35:266177)
    at listOnTimeout (node:internal/timers:605:17)
    at process.processTimers (node:internal/timers:541:7)
[   51822ms] Error: FeedbackWidget is not defined
    at RootLayout (webpack-internal:///(rsc)/./app/layout.tsx:51:109)
    at eC (/Users/lukas/Sites Cursor/Dresy_za_free/node_modules/next/dist/compiled/next-server/app-page.runtime.dev.js:35:265189)
    at e (/Users/lukas/Sites Cursor/Dresy_za_free/node_modules/next/dist/compiled/next-server/app-page.runtime.dev.js:35:269321)
    at eL (/Users/lukas/Sites Cursor/Dresy_za_free/node_modules/next/dist/compiled/next-server/app-page.runtime.dev.js:35:269809)
    at eJ (/Users/lukas/Sites Cursor/Dresy_za_free/node_modules/next/dist/compiled/next-server/app-page.runtime.dev.js:35:275773)
    at eR (/Users/lukas/Sites Cursor/Dresy_za_free/node_modules/next/dist/compiled/next-server/app-page.runtime.dev.js:35:266017)
    at eC (/Users/lukas/Sites Cursor/Dresy_za_free/node_modules/next/dist/compiled/next-server/app-page.runtime.dev.js:35:265059)
    at e (/Users/lukas/Sites Cursor/Dresy_za_free/node_modules/next/dist/compiled/next-server/app-page.runtime.dev.js:35:269321)
    at eL (/Users/lukas/Sites Cursor/Dresy_za_free/node_modules/next/dist/compiled/next-server/app-page.runtime.dev.js:35:269809)
    at /Users/lukas/Sites Cursor/Dresy_za_free/node_modules/next/dist/compiled/next-server/app-page.runtime.dev.js:35:267040
    at Array.toJSON (/Users/lukas/Sites Cursor/Dresy_za_free/node_modules/next/dist/compiled/next-server/app-page.runtime.dev.js:35:267504)
    at stringify (<anonymous>)
    at eJ (/Users/lukas/Sites Cursor/Dresy_za_free/node_modules/next/dist/compiled/next-server/app-page.runtime.dev.js:35:275872)
    at eV (/Users/lukas/Sites Cursor/Dresy_za_free/node_modules/next/dist/compiled/next-server/app-page.runtime.dev.js:35:276390)
    at Timeout._onTimeout (/Users/lukas/Sites Cursor/Dresy_za_free/node_modules/next/dist/compiled/next-server/app-page.runtime.dev.js:35:266177)
    at listOnTimeout (node:internal/timers:605:17)
    at process.processTimers (node:internal/timers:541:7)
[   51824ms] [ERROR] The above error occurred in the <NotFoundErrorBoundary> component:

    at RedirectErrorBoundary (webpack-internal:///(app-pages-browser)/./node_modules/next/dist/client/components/redirect-boundary.js:74:9)
    at RedirectBoundary (webpack-internal:///(app-pages-browser)/./node_modules/next/dist/client/components/redirect-boundary.js:82:11)
    at NotFoundErrorBoundary (webpack-internal:///(app-pages-browser)/./node_modules/next/dist/client/components/not-found-boundary.js:76:9)
    at NotFoundBoundary (webpack-internal:///(app-pages-browser)/./node_modules/next/dist/client/components/not-found-boundary.js:84:11)
    at DevRootNotFoundBoundary (webpack-internal:///(app-pages-browser)/./node_modules/next/dist/client/components/dev-root-not-found-boundary.js:33:11)
    at ReactDevOverlay (webpack-internal:///(app-pages-browser)/./node_modules/next/dist/client/components/react-dev-overlay/app/ReactDevOverlay.js:87:9)
    at HotReload (webpack-internal:///(app-pages-browser)/./node_modules/next/dist/client/components/react-dev-overlay/app/hot-reloader-client.js:321:11)
    at Router (webpack-internal:///(app-pages-browser)/./node_modules/next/dist/client/components/app-router.js:207:11)
    at ErrorBoundaryHandler (webpack-internal:///(app-pages-browser)/./node_modules/next/dist/client/components/error-boundary.js:113:9)
    at ErrorBoundary (webpack-internal:///(app-pages-browser)/./node_modules/next/dist/client/components/error-boundary.js:160:11)
    at AppRouter (webpack-internal:///(app-pages-browser)/./node_modules/next/dist/client/components/app-router.js:585:13)
    at ServerRoot (webpack-internal:///(app-pages-browser)/./node_modules/next/dist/client/app-index.js:112:27)
    at Root (webpack-internal:///(app-pages-browser)/./node_modules/next/dist/client/app-index.js:117:11)
    at ReactDevOverlay (webpack-internal:///(app-pages-browser)/./node_modules/next/dist/client/components/react-dev-overlay/app/ReactDevOverlay.js:87:9)

React will try to recreate this component tree from scratch using the error boundary you provided, ReactDevOverlay. @ webpack-internal:///(app-pages-browser)/./node_modules/next/dist/client/app-index.js:32
[   54841ms] [WARNING] The resource http://localhost:3000/_next/static/css/app/layout.css?v=1772492856638 was preloaded using link preload but not used within a few seconds from the window's load event. Please make sure it has an appropriate `as` value and it is preloaded intentionally. @ http://localhost:3000/login/team:0
[   55721ms] [ERROR] Warning: Extra attributes from the server: %s%s class 
    at html
    at RootLayout (Server)
    at RedirectErrorBoundary (webpack-internal:///(app-pages-browser)/./node_modules/next/dist/client/components/redirect-boundary.js:74:9)
    at RedirectBoundary (webpack-internal:///(app-pages-browser)/./node_modules/next/dist/client/components/redirect-boundary.js:82:11)
    at NotFoundErrorBoundary (webpack-internal:///(app-pages-browser)/./node_modules/next/dist/client/components/not-found-boundary.js:76:9)
    at NotFoundBoundary (webpack-internal:///(app-pages-browser)/./node_modules/next/dist/client/components/not-found-boundary.js:84:11)
    at DevRootNotFoundBoundary (webpack-internal:///(app-pages-browser)/./node_modules/next/dist/client/components/dev-root-not-found-boundary.js:33:11)
    at ReactDevOverlay (webpack-internal:///(app-pages-browser)/./node_modules/next/dist/client/components/react-dev-overlay/app/ReactDevOverlay.js:87:9)
    at HotReload (webpack-internal:///(app-pages-browser)/./node_modules/next/dist/client/components/react-dev-overlay/app/hot-reloader-client.js:321:11)
    at Router (webpack-internal:///(app-pages-browser)/./node_modules/next/dist/client/components/app-router.js:207:11)
    at ErrorBoundaryHandler (webpack-internal:///(app-pages-browser)/./node_modules/next/dist/client/components/error-boundary.js:113:9)
    at ErrorBoundary (webpack-internal:///(app-pages-browser)/./node_modules/next/dist/client/components/error-boundary.js:160:11)
    at AppRouter (webpack-internal:///(app-pages-browser)/./node_modules/next/dist/client/components/app-router.js:585:13)
    at ServerRoot (webpack-internal:///(app-pages-browser)/./node_modules/next/dist/client/app-index.js:112:27)
    at Root (webpack-internal:///(app-pages-browser)/./node_modules/next/dist/client/app-index.js:117:11) @ webpack-internal:///(app-pages-browser)/./node_modules/next/dist/client/app-index.js:32
